[2026-04-05 19:39:34,905][trustbench.generate][INFO] - TrustBench — Prompt Generation
[2026-04-05 19:39:34,909][trustbench.generate][INFO] - Saved 37 prompts → outputs/prompts/part1_prompts.jsonl
[2026-04-05 19:39:34,909][trustbench.generate][INFO] - Part 1: 37 prompts → 14800 API calls (4 models × 100 reps)
[2026-04-05 19:39:34,947][trustbench.generate][INFO] - Saved 1728 prompts → outputs/prompts/part2_prompts.jsonl
[2026-04-05 19:39:34,947][trustbench.generate][INFO] - Part 2: 1728 prompts (1152 stated + 576 revealed) → 6912 API calls
[2026-04-05 19:39:34,948][trustbench.generate][INFO] - Manifest → outputs/prompts/manifest.json
[2026-04-05 19:39:34,948][trustbench.generate][INFO] - ════════════════════════════════════════════════════════════
[2026-04-05 19:39:34,948][trustbench.generate][INFO] - PROMPT GENERATION COMPLETE
[2026-04-05 19:39:34,948][trustbench.generate][INFO] -   Output directory: outputs/prompts
[2026-04-05 19:39:34,948][trustbench.generate][INFO] -   part1: 37 prompts → outputs/prompts/part1_prompts.jsonl
[2026-04-05 19:39:34,948][trustbench.generate][INFO] -   part2: 1728 prompts → outputs/prompts/part2_prompts.jsonl
[2026-04-05 19:39:34,948][trustbench.generate][INFO] -   Total API calls when run: 21712
[2026-04-05 19:39:34,948][trustbench.generate][INFO] - ════════════════════════════════════════════════════════════
[2026-04-05 19:39:34,948][trustbench.generate][INFO] - 
[2026-04-05 19:39:34,948][trustbench.generate][INFO] - Next steps:
[2026-04-05 19:39:34,948][trustbench.generate][INFO] -   1. Review prompts:  python preview_prompts.py --part 1 --n 0
[2026-04-05 19:39:34,948][trustbench.generate][INFO] -   2. Run Part 1:      python run_experiments.py --prompts outputs/prompts/part1_prompts.jsonl
[2026-04-05 19:39:34,948][trustbench.generate][INFO] -   3. Run Part 2:      python run_experiments.py --prompts outputs/prompts/part2_prompts.jsonl
[2026-04-05 19:45:04,391][trustbench.generate][INFO] - TrustBench — Prompt Generation
[2026-04-05 19:45:04,395][trustbench.generate][INFO] - Saved 37 prompts → outputs/prompts/part1_prompts.jsonl
[2026-04-05 19:45:04,395][trustbench.generate][INFO] - Part 1: 37 prompts → 14800 API calls (4 models × 100 reps)
[2026-04-05 19:45:04,453][trustbench.generate][INFO] - Saved 1728 prompts → outputs/prompts/part2_prompts.jsonl
[2026-04-05 19:45:04,453][trustbench.generate][INFO] - Part 2: 1728 prompts (1152 stated + 576 revealed) → 6912 API calls
[2026-04-05 19:45:04,454][trustbench.generate][INFO] - Manifest → outputs/prompts/manifest.json
[2026-04-05 19:45:04,454][trustbench.generate][INFO] - ════════════════════════════════════════════════════════════
[2026-04-05 19:45:04,455][trustbench.generate][INFO] - PROMPT GENERATION COMPLETE
[2026-04-05 19:45:04,455][trustbench.generate][INFO] -   Output directory: outputs/prompts
[2026-04-05 19:45:04,455][trustbench.generate][INFO] -   part1: 37 prompts → outputs/prompts/part1_prompts.jsonl
[2026-04-05 19:45:04,455][trustbench.generate][INFO] -   part2: 1728 prompts → outputs/prompts/part2_prompts.jsonl
[2026-04-05 19:45:04,455][trustbench.generate][INFO] -   Total API calls when run: 21712
[2026-04-05 19:45:04,455][trustbench.generate][INFO] - ════════════════════════════════════════════════════════════
[2026-04-05 19:45:04,455][trustbench.generate][INFO] - 
[2026-04-05 19:45:04,455][trustbench.generate][INFO] - Next steps:
[2026-04-05 19:45:04,455][trustbench.generate][INFO] -   1. Review prompts:  python preview_prompts.py --part 1 --n 0
[2026-04-05 19:45:04,455][trustbench.generate][INFO] -   2. Run Part 1:      python run_experiments.py --prompts outputs/prompts/part1_prompts.jsonl
[2026-04-05 19:45:04,455][trustbench.generate][INFO] -   3. Run Part 2:      python run_experiments.py --prompts outputs/prompts/part2_prompts.jsonl
[2026-04-05 19:52:06,705][trustbench.generate][INFO] - TrustBench — Prompt Generation
[2026-04-05 19:52:06,709][trustbench.generate][INFO] - Saved 37 prompts → outputs/prompts/part1_prompts.jsonl
[2026-04-05 19:52:06,709][trustbench.generate][INFO] - Part 1: 37 prompts → 14800 API calls (4 models × 100 reps)
[2026-04-05 19:52:06,764][trustbench.generate][INFO] - Saved 1728 prompts → outputs/prompts/part2_prompts.jsonl
[2026-04-05 19:52:06,764][trustbench.generate][INFO] - Part 2: 1728 prompts (1152 stated + 576 revealed) → 6912 API calls
[2026-04-05 19:52:06,764][trustbench.generate][INFO] - Manifest → outputs/prompts/manifest.json
[2026-04-05 19:52:06,765][trustbench.generate][INFO] - ════════════════════════════════════════════════════════════
[2026-04-05 19:52:06,765][trustbench.generate][INFO] - PROMPT GENERATION COMPLETE
[2026-04-05 19:52:06,765][trustbench.generate][INFO] -   Output directory: outputs/prompts
[2026-04-05 19:52:06,765][trustbench.generate][INFO] -   part1: 37 prompts → outputs/prompts/part1_prompts.jsonl
[2026-04-05 19:52:06,765][trustbench.generate][INFO] -   part2: 1728 prompts → outputs/prompts/part2_prompts.jsonl
[2026-04-05 19:52:06,765][trustbench.generate][INFO] -   Total API calls when run: 21712
[2026-04-05 19:52:06,765][trustbench.generate][INFO] - ════════════════════════════════════════════════════════════
[2026-04-05 19:52:06,765][trustbench.generate][INFO] - 
[2026-04-05 19:52:06,765][trustbench.generate][INFO] - Next steps:
[2026-04-05 19:52:06,765][trustbench.generate][INFO] -   1. Review prompts:  python preview_prompts.py --part 1 --n 0
[2026-04-05 19:52:06,765][trustbench.generate][INFO] -   2. Run Part 1:      python run_experiments.py --prompts outputs/prompts/part1_prompts.jsonl
[2026-04-05 19:52:06,765][trustbench.generate][INFO] -   3. Run Part 2:      python run_experiments.py --prompts outputs/prompts/part2_prompts.jsonl
[2026-04-05 19:55:23,513][trustbench.generate][INFO] - TrustBench — Prompt Generation
[2026-04-05 19:55:23,517][trustbench.generate][INFO] - Saved 37 prompts → outputs/prompts/part1_prompts.jsonl
[2026-04-05 19:55:23,517][trustbench.generate][INFO] - Part 1: 37 prompts → 14800 API calls (4 models × 100 reps)
[2026-04-05 19:55:23,569][trustbench.generate][INFO] - Saved 1728 prompts → outputs/prompts/part2_prompts.jsonl
[2026-04-05 19:55:23,569][trustbench.generate][INFO] - Part 2: 1728 prompts (1152 stated + 576 revealed) → 6912 API calls
[2026-04-05 19:55:23,569][trustbench.generate][INFO] - Manifest → outputs/prompts/manifest.json
[2026-04-05 19:55:23,570][trustbench.generate][INFO] - ════════════════════════════════════════════════════════════
[2026-04-05 19:55:23,570][trustbench.generate][INFO] - PROMPT GENERATION COMPLETE
[2026-04-05 19:55:23,570][trustbench.generate][INFO] -   Output directory: outputs/prompts
[2026-04-05 19:55:23,570][trustbench.generate][INFO] -   part1: 37 prompts → outputs/prompts/part1_prompts.jsonl
[2026-04-05 19:55:23,570][trustbench.generate][INFO] -   part2: 1728 prompts → outputs/prompts/part2_prompts.jsonl
[2026-04-05 19:55:23,570][trustbench.generate][INFO] -   Total API calls when run: 21712
[2026-04-05 19:55:23,570][trustbench.generate][INFO] - ════════════════════════════════════════════════════════════
[2026-04-05 19:55:23,570][trustbench.generate][INFO] - 
[2026-04-05 19:55:23,570][trustbench.generate][INFO] - Next steps:
[2026-04-05 19:55:23,570][trustbench.generate][INFO] -   1. Review prompts:  python preview_prompts.py --part 1 --n 0
[2026-04-05 19:55:23,570][trustbench.generate][INFO] -   2. Run Part 1:      python run_experiments.py --prompts outputs/prompts/part1_prompts.jsonl
[2026-04-05 19:55:23,570][trustbench.generate][INFO] -   3. Run Part 2:      python run_experiments.py --prompts outputs/prompts/part2_prompts.jsonl
[2026-04-05 20:02:14,855][trustbench.generate][INFO] - TrustBench — Prompt Generation
[2026-04-05 20:02:14,858][trustbench.generate][INFO] - Saved 37 prompts → outputs/prompts/part1_prompts.jsonl
[2026-04-05 20:02:14,858][trustbench.generate][INFO] - Part 1: 37 prompts → 14800 API calls (4 models × 100 reps)
[2026-04-05 20:02:14,894][trustbench.generate][INFO] - Saved 1728 prompts → outputs/prompts/part2_prompts.jsonl
[2026-04-05 20:02:14,895][trustbench.generate][INFO] - Part 2: 1728 prompts (1152 stated + 576 revealed) → 6912 API calls
[2026-04-05 20:02:14,895][trustbench.generate][INFO] - Manifest → outputs/prompts/manifest.json
[2026-04-05 20:02:14,895][trustbench.generate][INFO] - ════════════════════════════════════════════════════════════
[2026-04-05 20:02:14,895][trustbench.generate][INFO] - PROMPT GENERATION COMPLETE
[2026-04-05 20:02:14,895][trustbench.generate][INFO] -   Output directory: outputs/prompts
[2026-04-05 20:02:14,895][trustbench.generate][INFO] -   part1: 37 prompts → outputs/prompts/part1_prompts.jsonl
[2026-04-05 20:02:14,895][trustbench.generate][INFO] -   part2: 1728 prompts → outputs/prompts/part2_prompts.jsonl
[2026-04-05 20:02:14,895][trustbench.generate][INFO] -   Total API calls when run: 21712
[2026-04-05 20:02:14,896][trustbench.generate][INFO] - ════════════════════════════════════════════════════════════
[2026-04-05 20:02:14,896][trustbench.generate][INFO] - 
[2026-04-05 20:02:14,896][trustbench.generate][INFO] - Next steps:
[2026-04-05 20:02:14,896][trustbench.generate][INFO] -   1. Review prompts:  python preview_prompts.py --part 1 --n 0
[2026-04-05 20:02:14,896][trustbench.generate][INFO] -   2. Run Part 1:      python run_experiments.py --prompts outputs/prompts/part1_prompts.jsonl
[2026-04-05 20:02:14,896][trustbench.generate][INFO] -   3. Run Part 2:      python run_experiments.py --prompts outputs/prompts/part2_prompts.jsonl
[2026-04-05 20:17:20,859][trustbench.generate][INFO] - TrustBench — Prompt Generation
[2026-04-05 20:17:20,863][trustbench.generate][INFO] - Saved 37 prompts → outputs/prompts/part1_prompts.jsonl
[2026-04-05 20:17:20,863][trustbench.generate][INFO] - Part 1: 37 prompts → 14800 API calls (4 models × 100 reps)
[2026-04-05 20:17:20,902][trustbench.generate][INFO] - Saved 1728 prompts → outputs/prompts/part2_prompts.jsonl
[2026-04-05 20:17:20,902][trustbench.generate][INFO] - Part 2: 1728 prompts (1152 stated + 576 revealed) → 6912 API calls
[2026-04-05 20:17:20,903][trustbench.generate][INFO] - Manifest → outputs/prompts/manifest.json
[2026-04-05 20:17:20,903][trustbench.generate][INFO] - ════════════════════════════════════════════════════════════
[2026-04-05 20:17:20,903][trustbench.generate][INFO] - PROMPT GENERATION COMPLETE
[2026-04-05 20:17:20,903][trustbench.generate][INFO] -   Output directory: outputs/prompts
[2026-04-05 20:17:20,904][trustbench.generate][INFO] -   part1: 37 prompts → outputs/prompts/part1_prompts.jsonl
[2026-04-05 20:17:20,904][trustbench.generate][INFO] -   part2: 1728 prompts → outputs/prompts/part2_prompts.jsonl
[2026-04-05 20:17:20,904][trustbench.generate][INFO] -   Total API calls when run: 21712
[2026-04-05 20:17:20,904][trustbench.generate][INFO] - ════════════════════════════════════════════════════════════
[2026-04-05 20:17:20,904][trustbench.generate][INFO] - 
[2026-04-05 20:17:20,904][trustbench.generate][INFO] - Next steps:
[2026-04-05 20:17:20,904][trustbench.generate][INFO] -   1. Review prompts:  python preview_prompts.py --part 1 --n 0
[2026-04-05 20:17:20,904][trustbench.generate][INFO] -   2. Run Part 1:      python run_experiments.py --prompts outputs/prompts/part1_prompts.jsonl
[2026-04-05 20:17:20,904][trustbench.generate][INFO] -   3. Run Part 2:      python run_experiments.py --prompts outputs/prompts/part2_prompts.jsonl
[2026-04-05 20:26:47,964][trustbench.generate][INFO] - TrustBench — Prompt Generation
[2026-04-05 20:26:47,968][trustbench.generate][INFO] - Saved 37 prompts → outputs/prompts/part1_prompts.jsonl
[2026-04-05 20:26:47,968][trustbench.generate][INFO] - Part 1: 37 prompts → 14800 API calls (4 models × 100 reps)
[2026-04-05 20:26:48,005][trustbench.generate][INFO] - Saved 1728 prompts → outputs/prompts/part2_prompts.jsonl
[2026-04-05 20:26:48,006][trustbench.generate][INFO] - Part 2: 1728 prompts (1152 stated + 576 revealed) → 6912 API calls
[2026-04-05 20:26:48,006][trustbench.generate][INFO] - Manifest → outputs/prompts/manifest.json
[2026-04-05 20:26:48,006][trustbench.generate][INFO] - ════════════════════════════════════════════════════════════
[2026-04-05 20:26:48,007][trustbench.generate][INFO] - PROMPT GENERATION COMPLETE
[2026-04-05 20:26:48,007][trustbench.generate][INFO] -   Output directory: outputs/prompts
[2026-04-05 20:26:48,007][trustbench.generate][INFO] -   part1: 37 prompts → outputs/prompts/part1_prompts.jsonl
[2026-04-05 20:26:48,007][trustbench.generate][INFO] -   part2: 1728 prompts → outputs/prompts/part2_prompts.jsonl
[2026-04-05 20:26:48,007][trustbench.generate][INFO] -   Total API calls when run: 21712
[2026-04-05 20:26:48,007][trustbench.generate][INFO] - ════════════════════════════════════════════════════════════
[2026-04-05 20:26:48,007][trustbench.generate][INFO] - 
[2026-04-05 20:26:48,007][trustbench.generate][INFO] - Next steps:
[2026-04-05 20:26:48,007][trustbench.generate][INFO] -   1. Review prompts:  python preview_prompts.py --part 1 --n 0
[2026-04-05 20:26:48,007][trustbench.generate][INFO] -   2. Run Part 1:      python run_experiments.py --prompts outputs/prompts/part1_prompts.jsonl
[2026-04-05 20:26:48,007][trustbench.generate][INFO] -   3. Run Part 2:      python run_experiments.py --prompts outputs/prompts/part2_prompts.jsonl
[2026-04-05 15:32:31,692][trustbench.generate][INFO] - TrustBench — Prompt Generation
[2026-04-05 15:32:31,696][trustbench.generate][INFO] - Saved 37 prompts → outputs/prompts/part1_prompts.jsonl
[2026-04-05 15:32:31,696][trustbench.generate][INFO] - Part 1: 37 prompts → 14800 API calls (4 models × 100 reps)
[2026-04-05 15:32:31,754][trustbench.generate][INFO] - Saved 1728 prompts → outputs/prompts/part2_prompts.jsonl
[2026-04-05 15:32:31,754][trustbench.generate][INFO] - Part 2: 1728 prompts (1152 stated + 576 revealed) → 6912 API calls
[2026-04-05 15:32:31,755][trustbench.generate][INFO] - Manifest → outputs/prompts/manifest.json
[2026-04-05 15:32:31,755][trustbench.generate][INFO] - ════════════════════════════════════════════════════════════
[2026-04-05 15:32:31,755][trustbench.generate][INFO] - PROMPT GENERATION COMPLETE
[2026-04-05 15:32:31,755][trustbench.generate][INFO] -   Output directory: outputs/prompts
[2026-04-05 15:32:31,755][trustbench.generate][INFO] -   part1: 37 prompts → outputs/prompts/part1_prompts.jsonl
[2026-04-05 15:32:31,755][trustbench.generate][INFO] -   part2: 1728 prompts → outputs/prompts/part2_prompts.jsonl
[2026-04-05 15:32:31,755][trustbench.generate][INFO] -   Total API calls when run: 21712
[2026-04-05 15:32:31,755][trustbench.generate][INFO] - ════════════════════════════════════════════════════════════
[2026-04-05 15:32:31,755][trustbench.generate][INFO] - 
[2026-04-05 15:32:31,755][trustbench.generate][INFO] - Next steps:
[2026-04-05 15:32:31,755][trustbench.generate][INFO] -   1. Review prompts:  python preview_prompts.py --part 1 --n 0
[2026-04-05 15:32:31,755][trustbench.generate][INFO] -   2. Run Part 1:      python run_experiments.py --prompts outputs/prompts/part1_prompts.jsonl
[2026-04-05 15:32:31,755][trustbench.generate][INFO] -   3. Run Part 2:      python run_experiments.py --prompts outputs/prompts/part2_prompts.jsonl
[2026-04-05 16:09:58,541][trustbench.generate][INFO] - TrustBench — Prompt Generation
[2026-04-05 16:09:58,545][trustbench.generate][INFO] - Saved 37 prompts → outputs/prompts/part1_prompts.jsonl
[2026-04-05 16:09:58,545][trustbench.generate][INFO] - Part 1: 37 prompts → 14800 API calls (4 models × 100 reps)
[2026-04-05 16:09:58,608][trustbench.generate][INFO] - Saved 1728 prompts → outputs/prompts/part2_prompts.jsonl
[2026-04-05 16:09:58,608][trustbench.generate][INFO] - Part 2: 1728 prompts (1152 stated + 576 revealed) → 6912 API calls
[2026-04-05 16:09:58,610][trustbench.generate][INFO] - Manifest → outputs/prompts/manifest.json
[2026-04-05 16:09:58,610][trustbench.generate][INFO] - ════════════════════════════════════════════════════════════
[2026-04-05 16:09:58,610][trustbench.generate][INFO] - PROMPT GENERATION COMPLETE
[2026-04-05 16:09:58,610][trustbench.generate][INFO] -   Output directory: outputs/prompts
[2026-04-05 16:09:58,610][trustbench.generate][INFO] -   part1: 37 prompts → outputs/prompts/part1_prompts.jsonl
[2026-04-05 16:09:58,610][trustbench.generate][INFO] -   part2: 1728 prompts → outputs/prompts/part2_prompts.jsonl
[2026-04-05 16:09:58,611][trustbench.generate][INFO] -   Total API calls when run: 21712
[2026-04-05 16:09:58,611][trustbench.generate][INFO] - ════════════════════════════════════════════════════════════
[2026-04-05 16:09:58,611][trustbench.generate][INFO] - 
[2026-04-05 16:09:58,611][trustbench.generate][INFO] - Next steps:
[2026-04-05 16:09:58,611][trustbench.generate][INFO] -   1. Review prompts:  python preview_prompts.py --part 1 --n 0
[2026-04-05 16:09:58,611][trustbench.generate][INFO] -   2. Run Part 1:      python run_experiments.py --prompts outputs/prompts/part1_prompts.jsonl
[2026-04-05 16:09:58,611][trustbench.generate][INFO] -   3. Run Part 2:      python run_experiments.py --prompts outputs/prompts/part2_prompts.jsonl
[2026-04-05 21:27:15,701][trustbench.generate][INFO] - TrustBench — Prompt Generation
[2026-04-05 21:27:15,705][trustbench.generate][INFO] - Saved 37 prompts → outputs/prompts/part1_prompts.jsonl
[2026-04-05 21:27:15,706][trustbench.generate][INFO] - Part 1: 37 prompts → 14800 API calls (4 models × 100 reps)
[2026-04-05 21:27:15,784][trustbench.generate][INFO] - Saved 1728 prompts → outputs/prompts/part2_prompts.jsonl
[2026-04-05 21:27:15,785][trustbench.generate][INFO] - Part 2: 1728 prompts (1152 stated + 576 revealed) → 6912 API calls
[2026-04-05 21:27:15,785][trustbench.generate][INFO] - Manifest → outputs/prompts/manifest.json
[2026-04-05 21:27:15,785][trustbench.generate][INFO] - ════════════════════════════════════════════════════════════
[2026-04-05 21:27:15,785][trustbench.generate][INFO] - PROMPT GENERATION COMPLETE
[2026-04-05 21:27:15,785][trustbench.generate][INFO] -   Output directory: outputs/prompts
[2026-04-05 21:27:15,785][trustbench.generate][INFO] -   part1: 37 prompts → outputs/prompts/part1_prompts.jsonl
[2026-04-05 21:27:15,786][trustbench.generate][INFO] -   part2: 1728 prompts → outputs/prompts/part2_prompts.jsonl
[2026-04-05 21:27:15,786][trustbench.generate][INFO] -   Total API calls when run: 21712
[2026-04-05 21:27:15,786][trustbench.generate][INFO] - ════════════════════════════════════════════════════════════
[2026-04-05 21:27:15,786][trustbench.generate][INFO] - 
[2026-04-05 21:27:15,786][trustbench.generate][INFO] - Next steps:
[2026-04-05 21:27:15,786][trustbench.generate][INFO] -   1. Review prompts:  python preview_prompts.py --part 1 --n 0
[2026-04-05 21:27:15,786][trustbench.generate][INFO] -   2. Run Part 1:      python run_experiments.py --prompts outputs/prompts/part1_prompts.jsonl
[2026-04-05 21:27:15,786][trustbench.generate][INFO] -   3. Run Part 2:      python run_experiments.py --prompts outputs/prompts/part2_prompts.jsonl
[2026-04-05 21:45:01,368][trustbench.generate][INFO] - TrustBench — Prompt Generation
[2026-04-05 21:45:01,380][trustbench.generate][INFO] - Saved 148 prompts → outputs/prompts/part1_prompts.jsonl
[2026-04-05 21:45:01,381][trustbench.generate][INFO] - Part 1: 148 prompts → 59200 API calls (4 models × 100 reps)
[2026-04-05 21:45:01,459][trustbench.generate][INFO] - Saved 1728 prompts → outputs/prompts/part2_prompts.jsonl
[2026-04-05 21:45:01,460][trustbench.generate][INFO] - Part 2: 1728 prompts (1152 stated + 576 revealed) → 6912 API calls
[2026-04-05 21:45:01,460][trustbench.generate][INFO] - Manifest → outputs/prompts/manifest.json
[2026-04-05 21:45:01,460][trustbench.generate][INFO] - ════════════════════════════════════════════════════════════
[2026-04-05 21:45:01,460][trustbench.generate][INFO] - PROMPT GENERATION COMPLETE
[2026-04-05 21:45:01,460][trustbench.generate][INFO] -   Output directory: outputs/prompts
[2026-04-05 21:45:01,461][trustbench.generate][INFO] -   part1: 148 prompts → outputs/prompts/part1_prompts.jsonl
[2026-04-05 21:45:01,461][trustbench.generate][INFO] -   part2: 1728 prompts → outputs/prompts/part2_prompts.jsonl
[2026-04-05 21:45:01,461][trustbench.generate][INFO] -   Total API calls when run: 66112
[2026-04-05 21:45:01,461][trustbench.generate][INFO] - ════════════════════════════════════════════════════════════
[2026-04-05 21:45:01,461][trustbench.generate][INFO] - 
[2026-04-05 21:45:01,461][trustbench.generate][INFO] - Next steps:
[2026-04-05 21:45:01,461][trustbench.generate][INFO] -   1. Review prompts:  python preview_prompts.py --part 1 --n 0
[2026-04-05 21:45:01,461][trustbench.generate][INFO] -   2. Run Part 1:      python run_experiments.py --prompts outputs/prompts/part1_prompts.jsonl
[2026-04-05 21:45:01,461][trustbench.generate][INFO] -   3. Run Part 2:      python run_experiments.py --prompts outputs/prompts/part2_prompts.jsonl
[2026-04-05 21:47:34,929][trustbench.generate][INFO] - TrustBench — Prompt Generation
[2026-04-05 21:47:34,942][trustbench.generate][INFO] - Saved 148 prompts → outputs/prompts/part1_prompts.jsonl
[2026-04-05 21:47:34,942][trustbench.generate][INFO] - Part 1: 148 prompts → 5920 API calls (4 models × 10 reps)
[2026-04-05 21:47:35,018][trustbench.generate][INFO] - Saved 1728 prompts → outputs/prompts/part2_prompts.jsonl
[2026-04-05 21:47:35,019][trustbench.generate][INFO] - Part 2: 1728 prompts (1152 stated + 576 revealed) → 6912 API calls
[2026-04-05 21:47:35,019][trustbench.generate][INFO] - Manifest → outputs/prompts/manifest.json
[2026-04-05 21:47:35,019][trustbench.generate][INFO] - ════════════════════════════════════════════════════════════
[2026-04-05 21:47:35,019][trustbench.generate][INFO] - PROMPT GENERATION COMPLETE
[2026-04-05 21:47:35,019][trustbench.generate][INFO] -   Output directory: outputs/prompts
[2026-04-05 21:47:35,019][trustbench.generate][INFO] -   part1: 148 prompts → outputs/prompts/part1_prompts.jsonl
[2026-04-05 21:47:35,020][trustbench.generate][INFO] -   part2: 1728 prompts → outputs/prompts/part2_prompts.jsonl
[2026-04-05 21:47:35,020][trustbench.generate][INFO] -   Total API calls when run: 12832
[2026-04-05 21:47:35,020][trustbench.generate][INFO] - ════════════════════════════════════════════════════════════
[2026-04-05 21:47:35,020][trustbench.generate][INFO] - 
[2026-04-05 21:47:35,020][trustbench.generate][INFO] - Next steps:
[2026-04-05 21:47:35,020][trustbench.generate][INFO] -   1. Review prompts:  python preview_prompts.py --part 1 --n 0
[2026-04-05 21:47:35,020][trustbench.generate][INFO] -   2. Run Part 1:      python run_experiments.py --prompts outputs/prompts/part1_prompts.jsonl
[2026-04-05 21:47:35,020][trustbench.generate][INFO] -   3. Run Part 2:      python run_experiments.py --prompts outputs/prompts/part2_prompts.jsonl
[2026-04-09 20:22:14,098][trustbench.generate][INFO] - TrustBench — Prompt Generation
[2026-04-09 20:22:14,105][trustbench.generate][INFO] - Saved 37 prompts → outputs/prompts/part1_prompts.jsonl
[2026-04-09 20:22:14,105][trustbench.generate][INFO] - Part 1: 37 prompts → 14800 API calls (4 models × 100 reps)
[2026-04-09 20:22:14,182][trustbench.generate][INFO] - Saved 1728 prompts → outputs/prompts/part2_prompts.jsonl
[2026-04-09 20:22:14,182][trustbench.generate][INFO] - Part 2: 1728 prompts (1152 stated + 576 revealed) → 6912 API calls
[2026-04-09 20:22:14,183][trustbench.generate][INFO] - Manifest → outputs/prompts/manifest.json
[2026-04-09 20:22:14,183][trustbench.generate][INFO] - ════════════════════════════════════════════════════════════
[2026-04-09 20:22:14,183][trustbench.generate][INFO] - PROMPT GENERATION COMPLETE
[2026-04-09 20:22:14,183][trustbench.generate][INFO] -   Output directory: outputs/prompts
[2026-04-09 20:22:14,183][trustbench.generate][INFO] -   part1: 37 prompts → outputs/prompts/part1_prompts.jsonl
[2026-04-09 20:22:14,183][trustbench.generate][INFO] -   part2: 1728 prompts → outputs/prompts/part2_prompts.jsonl
[2026-04-09 20:22:14,183][trustbench.generate][INFO] -   Total API calls when run: 21712
[2026-04-09 20:22:14,183][trustbench.generate][INFO] - ════════════════════════════════════════════════════════════
[2026-04-09 20:22:14,183][trustbench.generate][INFO] - 
[2026-04-09 20:22:14,183][trustbench.generate][INFO] - Next steps:
[2026-04-09 20:22:14,183][trustbench.generate][INFO] -   1. Review prompts:  python preview_prompts.py --part 1 --n 0
[2026-04-09 20:22:14,183][trustbench.generate][INFO] -   2. Run Part 1:      python run_experiments.py --prompts outputs/prompts/part1_prompts.jsonl
[2026-04-09 20:22:14,183][trustbench.generate][INFO] -   3. Run Part 2:      python run_experiments.py --prompts outputs/prompts/part2_prompts.jsonl
